    1  19:29:59.253195 MDSA 0.1:0: IP6 fd42:4242:10::1 > fd42:4242:10::2: ICMP6, echo request, id 29502, seq 4, length 64
    2  19:29:59.854833 MDSA 1.3:0: IP6 fe80::74b0:94ff:fee7:76b7 > ff02::2: ICMP6, router solicitation, length 16
    3  19:29:59.854921 MDSA 1.1:0: IP6 fe80::74b0:94ff:fee7:76b7 > ff02::2: ICMP6, router solicitation, length 16
    4  19:30:00.277396 MDSA 0.1:0: IP6 fd42:4242:10::1 > fd42:4242:10::2: ICMP6, echo request, id 29502, seq 5, length 64
    5  19:30:00.494794 MDSA 1.4:0: IP6 fe80::74b0:94ff:fee7:76b7 > ff02::2: ICMP6, router solicitation, length 16
    6  19:30:00.494868 MDSA 0.3:0: IP6 fe80::74b0:94ff:fee7:76b7 > ff02::2: ICMP6, router solicitation, length 16
    7  19:30:00.494923 MDSA 0.1:0: IP6 fe80::74b0:94ff:fee7:76b7 > ff02::2: ICMP6, router solicitation, length 16
    8  19:30:00.494970 MDSA 0.2:0: IP6 fe80::74b0:94ff:fee7:76b7 > ff02::2: ICMP6, router solicitation, length 16
    9  19:30:00.495021 MDSA 0.4:0: IP6 fe80::74b0:94ff:fee7:76b7 > ff02::2: ICMP6, router solicitation, length 16
   10  19:30:01.054787 MDSA 0.1:0: ARP, Request who-has 192.168.10.1 tell 192.168.10.2, length 28
   11  19:30:01.056114 MDSA 0.1:0: ARP, Reply 192.168.10.1 is-at 70:88:6b:80:66:50, length 46
   12  19:30:01.134778 MDSA 1.2:0: ARP, Request who-has 192.168.15.1 tell 192.168.15.2, length 28
   13  19:30:01.134841 MDSA 1.1:0: ARP, Request who-has 192.168.14.1 tell 192.168.14.2, length 28
   14  19:30:01.134884 MDSA 0.4:0: ARP, Request who-has 192.168.13.1 tell 192.168.13.2, length 28
   15  19:30:01.134924 MDSA 0.3:0: ARP, Request who-has 192.168.12.1 tell 192.168.12.2, length 28
   16  19:30:01.134962 MDSA 0.2:0: ARP, Request who-has 192.168.11.1 tell 192.168.11.2, length 28
   17  19:30:01.136471 MDSA 0.3:0: ARP, Reply 192.168.12.1 is-at 70:88:6b:80:37:e7, length 46
   18  19:30:01.136530 MDSA 1.1:0: ARP, Reply 192.168.14.1 is-at 70:88:6b:80:67:16, length 46
   19  19:30:01.136577 MDSA 1.2:0: ARP, Reply 192.168.15.1 is-at 70:88:6b:80:38:dc, length 46
   20  19:30:01.136822 MDSA 0.2:0: ARP, Reply 192.168.11.1 is-at 70:88:6b:80:65:da, length 46
   21  19:30:01.136868 MDSA 0.4:0: ARP, Reply 192.168.13.1 is-at 70:88:6b:80:64:80, length 46
   22  19:30:01.214777 MDSA 1.4:0: ARP, Request who-has 192.168.17.1 tell 192.168.17.2, length 28
   23  19:30:01.214839 MDSA 1.3:0: ARP, Request who-has 192.168.16.1 tell 192.168.16.2, length 28
   24  19:30:01.216216 MDSA 1.3:0: ARP, Reply 192.168.16.1 is-at 70:88:6b:80:65:ac, length 46
   25  19:30:01.216269 MDSA 1.4:0: ARP, Reply 192.168.17.1 is-at 70:88:6b:80:64:af, length 46
   26  19:30:01.301451 MDSA 0.1:0: IP6 fd42:4242:10::1 > fd42:4242:10::2: ICMP6, echo request, id 29502, seq 6, length 64
   27  19:30:01.774788 MDSA 1.2:0: IP6 fe80::74b0:94ff:fee7:76b7 > ff02::2: ICMP6, router solicitation, length 16
   28  19:30:02.325461 MDSA 0.1:0: IP6 fd42:4242:10::1 > fd42:4242:10::2: ICMP6, echo request, id 29502, seq 7, length 64
   29  19:30:03.349693 MDSA 0.1:0: IP6 fd42:4242:10::1 > fd42:4242:10::2: ICMP6, echo request, id 29502, seq 8, length 64
   30  19:30:04.373834 MDSA 0.1:0: IP6 fd42:4242:10::1 > fd42:4242:10::2: ICMP6, echo request, id 29502, seq 9, length 64
   31  19:30:05.398052 MDSA 0.1:0: IP6 fd42:4242:10::1 > ff02::1:ff00:2: ICMP6, neighbor solicitation, who has fd42:4242:10::2, length 32
   32  19:30:05.398282 MDSA 0.1:0: IP6 fd42:4242:10::2 > fd42:4242:10::1: ICMP6, neighbor advertisement, tgt is fd42:4242:10::2, length 32
   33  19:30:05.399877 MDSA 0.1:0: IP6 fd42:4242:10::1 > fd42:4242:10::2: ICMP6, echo request, id 29502, seq 10, length 64
   34  19:30:05.400022 MDSA 0.1:0: IP6 fd42:4242:10::2 > fd42:4242:10::1: ICMP6, echo reply, id 29502, seq 10, length 64
   35  19:30:05.416425 MDSA 0.2:0: IP6 fd42:4242:11::1 > ff02::1:ff00:2: ICMP6, neighbor solicitation, who has fd42:4242:11::2, length 32
   36  19:30:05.416547 MDSA 0.2:0: IP6 fd42:4242:11::2 > fd42:4242:11::1: ICMP6, neighbor advertisement, tgt is fd42:4242:11::2, length 32
   37  19:30:05.417937 MDSA 0.2:0: IP6 fd42:4242:11::1 > fd42:4242:11::2: ICMP6, echo request, id 29504, seq 1, length 64
   38  19:30:05.418026 MDSA 0.2:0: IP6 fd42:4242:11::2 > fd42:4242:11::1: ICMP6, echo reply, id 29504, seq 1, length 64
   39  19:30:05.432384 MDSA 0.3:0: IP6 fd42:4242:12::1 > fd42:4242:12::2: ICMP6, echo request, id 29505, seq 1, length 64
   40  19:30:06.454057 MDSA 0.3:0: IP6 fd42:4242:12::1 > fd42:4242:12::2: ICMP6, echo request, id 29505, seq 2, length 64
   41  19:30:07.477568 MDSA 0.3:0: IP6 fd42:4242:12::1 > fd42:4242:12::2: ICMP6, echo request, id 29505, seq 3, length 64
   42  19:30:08.501217 MDSA 0.3:0: IP6 fd42:4242:12::1 > fd42:4242:12::2: ICMP6, echo request, id 29505, seq 4, length 64
   43  19:30:09.524691 MDSA 0.3:0: IP6 fd42:4242:12::1 > fd42:4242:12::2: ICMP6, echo request, id 29505, seq 5, length 64
   44  19:30:10.414805 MDSA 0.1:0: IP6 fe80::74b0:94ff:fee7:76b7 > fd42:4242:10::1: ICMP6, neighbor solicitation, who has fd42:4242:10::1, length 32
   45  19:30:10.416577 MDSA 0.1:0: IP6 fd42:4242:10::1 > fe80::74b0:94ff:fee7:76b7: ICMP6, neighbor advertisement, tgt is fd42:4242:10::1, length 24
   46  19:30:10.494787 MDSA 0.2:0: IP6 fe80::74b0:94ff:fee7:76b7 > fd42:4242:11::1: ICMP6, neighbor solicitation, who has fd42:4242:11::1, length 32
   47  19:30:10.496566 MDSA 0.2:0: IP6 fd42:4242:11::1 > fe80::74b0:94ff:fee7:76b7: ICMP6, neighbor advertisement, tgt is fd42:4242:11::1, length 24
   48  19:30:10.548368 MDSA 0.3:0: IP6 fd42:4242:12::1 > fd42:4242:12::2: ICMP6, echo request, id 29505, seq 6, length 64
   49  19:30:11.572011 MDSA 0.3:0: IP6 fd42:4242:12::1 > fd42:4242:12::2: ICMP6, echo request, id 29505, seq 7, length 64
   50  19:30:12.595823 MDSA 0.3:0: IP6 fd42:4242:12::1 > fd42:4242:12::2: ICMP6, echo request, id 29505, seq 8, length 64
   51  19:30:13.619376 MDSA 0.3:0: IP6 fd42:4242:12::1 > ff02::1:ff00:2: ICMP6, neighbor solicitation, who has fd42:4242:12::2, length 32
   52  19:30:13.619568 MDSA 0.3:0: IP6 fd42:4242:12::2 > fd42:4242:12::1: ICMP6, neighbor advertisement, tgt is fd42:4242:12::2, length 32
   53  19:30:13.621162 MDSA 0.3:0: IP6 fd42:4242:12::1 > fd42:4242:12::2: ICMP6, echo request, id 29505, seq 9, length 64
   54  19:30:13.621283 MDSA 0.3:0: IP6 fd42:4242:12::2 > fd42:4242:12::1: ICMP6, echo reply, id 29505, seq 9, length 64
   55  19:30:13.638411 MDSA 0.4:0: IP6 fd42:4242:13::1 > fd42:4242:13::2: ICMP6, echo request, id 29506, seq 1, length 64
   56  19:30:14.574789 MDSA 1.3:0: IP6 fe80::74b0:94ff:fee7:76b7 > ff02::2: ICMP6, router solicitation, length 16
   57  19:30:14.642837 MDSA 0.4:0: IP6 fd42:4242:13::1 > fd42:4242:13::2: ICMP6, echo request, id 29506, seq 2, length 64
   58  19:30:15.214783 MDSA 1.1:0: IP6 fe80::74b0:94ff:fee7:76b7 > ff02::2: ICMP6, router solicitation, length 16
   59  19:30:15.666391 MDSA 0.4:0: IP6 fd42:4242:13::1 > fd42:4242:13::2: ICMP6, echo request, id 29506, seq 3, length 64
   60  19:30:16.494824 MDSA 1.4:0: IP6 fe80::74b0:94ff:fee7:76b7 > ff02::2: ICMP6, router solicitation, length 16
   61  19:30:16.690246 MDSA 0.4:0: IP6 fd42:4242:13::1 > fd42:4242:13::2: ICMP6, echo request, id 29506, seq 4, length 64
   62  19:30:17.134779 MDSA 0.1:0: IP6 fe80::74b0:94ff:fee7:76b7 > ff02::2: ICMP6, router solicitation, length 16
   63  19:30:17.134850 MDSA 0.3:0: IP6 fe80::74b0:94ff:fee7:76b7 > ff02::2: ICMP6, router solicitation, length 16
   64  19:30:17.713792 MDSA 0.4:0: IP6 fd42:4242:13::1 > fd42:4242:13::2: ICMP6, echo request, id 29506, seq 5, length 64
   65  19:30:17.774776 MDSA 0.2:0: IP6 fe80::74b0:94ff:fee7:76b7 > ff02::2: ICMP6, router solicitation, length 16
   66  19:30:18.414775 MDSA 0.4:0: IP6 fe80::74b0:94ff:fee7:76b7 > ff02::2: ICMP6, router solicitation, length 16
   67  19:30:18.654787 MDSA 0.3:0: IP6 fe80::74b0:94ff:fee7:76b7 > fd42:4242:12::1: ICMP6, neighbor solicitation, who has fd42:4242:12::1, length 32
   68  19:30:18.656181 MDSA 0.3:0: IP6 fd42:4242:12::1 > fe80::74b0:94ff:fee7:76b7: ICMP6, neighbor advertisement, tgt is fd42:4242:12::1, length 24
   69  19:30:18.737395 MDSA 0.4:0: IP6 fd42:4242:13::1 > fd42:4242:13::2: ICMP6, echo request, id 29506, seq 6, length 64
   70  19:30:19.054778 MDSA 1.2:0: IP6 fe80::74b0:94ff:fee7:76b7 > ff02::2: ICMP6, router solicitation, length 16
   71  19:30:19.761058 MDSA 0.4:0: IP6 fd42:4242:13::1 > fd42:4242:13::2: ICMP6, echo request, id 29506, seq 7, length 64
   72  19:30:20.784661 MDSA 0.4:0: IP6 fd42:4242:13::1 > fd42:4242:13::2: ICMP6, echo request, id 29506, seq 8, length 64
   73  19:30:21.808322 MDSA 0.4:0: IP6 fd42:4242:13::1 > ff02::1:ff00:2: ICMP6, neighbor solicitation, who has fd42:4242:13::2, length 32
   74  19:30:21.808500 MDSA 0.4:0: IP6 fd42:4242:13::2 > fd42:4242:13::1: ICMP6, neighbor advertisement, tgt is fd42:4242:13::2, length 32
   75  19:30:21.809968 MDSA 0.4:0: IP6 fd42:4242:13::1 > fd42:4242:13::2: ICMP6, echo request, id 29506, seq 9, length 64
   76  19:30:21.810080 MDSA 0.4:0: IP6 fd42:4242:13::2 > fd42:4242:13::1: ICMP6, echo reply, id 29506, seq 9, length 64
   77  19:30:21.825498 MDSA 1.1:0: IP6 fd42:4242:14::1 > fd42:4242:14::2: ICMP6, echo request, id 29507, seq 1, length 64
   78  19:30:22.831786 MDSA 1.1:0: IP6 fd42:4242:14::1 > fd42:4242:14::2: ICMP6, echo request, id 29507, seq 2, length 64
   79  19:30:23.855550 MDSA 1.1:0: IP6 fd42:4242:14::1 > fd42:4242:14::2: ICMP6, echo request, id 29507, seq 3, length 64
   80  19:30:24.879119 MDSA 1.1:0: IP6 fd42:4242:14::1 > fd42:4242:14::2: ICMP6, echo request, id 29507, seq 4, length 64
   81  19:30:25.902631 MDSA 1.1:0: IP6 fd42:4242:14::1 > fd42:4242:14::2: ICMP6, echo request, id 29507, seq 5, length 64
   82  19:30:26.814797 MDSA 0.4:0: IP6 fe80::74b0:94ff:fee7:76b7 > fd42:4242:13::1: ICMP6, neighbor solicitation, who has fd42:4242:13::1, length 32
   83  19:30:26.816374 MDSA 0.4:0: IP6 fd42:4242:13::1 > fe80::74b0:94ff:fee7:76b7: ICMP6, neighbor advertisement, tgt is fd42:4242:13::1, length 24
   84  19:30:26.926342 MDSA 1.1:0: IP6 fd42:4242:14::1 > fd42:4242:14::2: ICMP6, echo request, id 29507, seq 6, length 64
   85  19:30:27.950009 MDSA 1.1:0: IP6 fd42:4242:14::1 > fd42:4242:14::2: ICMP6, echo request, id 29507, seq 7, length 64
   86  19:30:28.973532 MDSA 1.1:0: IP6 fd42:4242:14::1 > fd42:4242:14::2: ICMP6, echo request, id 29507, seq 8, length 64
   87  19:30:29.997195 MDSA 1.1:0: IP6 fd42:4242:14::1 > ff02::1:ff00:2: ICMP6, neighbor solicitation, who has fd42:4242:14::2, length 32
   88  19:30:29.997347 MDSA 1.1:0: IP6 fd42:4242:14::2 > fd42:4242:14::1: ICMP6, neighbor advertisement, tgt is fd42:4242:14::2, length 32
   89  19:30:29.998688 MDSA 1.1:0: IP6 fd42:4242:14::1 > fd42:4242:14::2: ICMP6, echo request, id 29507, seq 9, length 64
   90  19:30:29.998791 MDSA 1.1:0: IP6 fd42:4242:14::2 > fd42:4242:14::1: ICMP6, echo reply, id 29507, seq 9, length 64
   91  19:30:30.016214 MDSA 1.2:0: IP6 fd42:4242:15::1 > fd42:4242:15::2: ICMP6, echo request, id 29508, seq 1, length 64
   92  19:30:31.020763 MDSA 1.2:0: IP6 fd42:4242:15::1 > fd42:4242:15::2: ICMP6, echo request, id 29508, seq 2, length 64
   93  19:30:32.044333 MDSA 1.2:0: IP6 fd42:4242:15::1 > fd42:4242:15::2: ICMP6, echo request, id 29508, seq 3, length 64
   94  19:30:33.067996 MDSA 1.2:0: IP6 fd42:4242:15::1 > fd42:4242:15::2: ICMP6, echo request, id 29508, seq 4, length 64
   95  19:30:34.091646 MDSA 1.2:0: IP6 fd42:4242:15::1 > fd42:4242:15::2: ICMP6, echo request, id 29508, seq 5, length 64
   96  19:30:35.054817 MDSA 1.1:0: IP6 fe80::74b0:94ff:fee7:76b7 > fd42:4242:14::1: ICMP6, neighbor solicitation, who has fd42:4242:14::1, length 32
   97  19:30:35.056224 MDSA 1.1:0: IP6 fd42:4242:14::1 > fe80::74b0:94ff:fee7:76b7: ICMP6, neighbor advertisement, tgt is fd42:4242:14::1, length 24
   98  19:30:35.115335 MDSA 1.2:0: IP6 fd42:4242:15::1 > fd42:4242:15::2: ICMP6, echo request, id 29508, seq 6, length 64
   99  19:30:36.138850 MDSA 1.2:0: IP6 fd42:4242:15::1 > fd42:4242:15::2: ICMP6, echo request, id 29508, seq 7, length 64
  100  19:30:37.162526 MDSA 1.2:0: IP6 fd42:4242:15::1 > fd42:4242:15::2: ICMP6, echo request, id 29508, seq 8, length 64
  101  19:30:38.186131 MDSA 1.2:0: IP6 fd42:4242:15::1 > ff02::1:ff00:2: ICMP6, neighbor solicitation, who has fd42:4242:15::2, length 32
  102  19:30:38.186273 MDSA 1.2:0: IP6 fd42:4242:15::2 > fd42:4242:15::1: ICMP6, neighbor advertisement, tgt is fd42:4242:15::2, length 32
  103  19:30:38.187675 MDSA 1.2:0: IP6 fd42:4242:15::1 > fd42:4242:15::2: ICMP6, echo request, id 29508, seq 9, length 64
  104  19:30:38.187771 MDSA 1.2:0: IP6 fd42:4242:15::2 > fd42:4242:15::1: ICMP6, echo reply, id 29508, seq 9, length 64
  105  19:30:38.203801 MDSA 1.3:0: IP6 fd42:4242:16::1 > fd42:4242:16::2: ICMP6, echo request, id 29509, seq 1, length 64
  106  19:30:39.209964 MDSA 1.3:0: IP6 fd42:4242:16::1 > fd42:4242:16::2: ICMP6, echo request, id 29509, seq 2, length 64
  107  19:30:40.233516 MDSA 1.3:0: IP6 fd42:4242:16::1 > fd42:4242:16::2: ICMP6, echo request, id 29509, seq 3, length 64
  108  19:30:41.257049 MDSA 1.3:0: IP6 fd42:4242:16::1 > fd42:4242:16::2: ICMP6, echo request, id 29509, seq 4, length 64
  109  19:30:42.280697 MDSA 1.3:0: IP6 fd42:4242:16::1 > fd42:4242:16::2: ICMP6, echo request, id 29509, seq 5, length 64
  110  19:30:43.214807 MDSA 1.2:0: IP6 fe80::74b0:94ff:fee7:76b7 > fd42:4242:15::1: ICMP6, neighbor solicitation, who has fd42:4242:15::1, length 32
  111  19:30:43.216583 MDSA 1.2:0: IP6 fd42:4242:15::1 > fe80::74b0:94ff:fee7:76b7: ICMP6, neighbor advertisement, tgt is fd42:4242:15::1, length 24
  112  19:30:43.304674 MDSA 1.3:0: IP6 fd42:4242:16::1 > fd42:4242:16::2: ICMP6, echo request, id 29509, seq 6, length 64
  113  19:30:44.328228 MDSA 1.3:0: IP6 fd42:4242:16::1 > fd42:4242:16::2: ICMP6, echo request, id 29509, seq 7, length 64
  114  19:30:45.294786 MDSA 1.3:0: IP6 fe80::74b0:94ff:fee7:76b7 > ff02::2: ICMP6, router solicitation, length 16
  115  19:30:45.352241 MDSA 1.3:0: IP6 fd42:4242:16::1 > fd42:4242:16::2: ICMP6, echo request, id 29509, seq 8, length 64
  116  19:30:45.934798 MDSA 1.1:0: IP6 fe80::74b0:94ff:fee7:76b7 > ff02::2: ICMP6, router solicitation, length 16
  117  19:30:46.376421 MDSA 1.3:0: IP6 fd42:4242:16::1 > ff02::1:ff00:2: ICMP6, neighbor solicitation, who has fd42:4242:16::2, length 32
  118  19:30:46.376562 MDSA 1.3:0: IP6 fd42:4242:16::2 > fd42:4242:16::1: ICMP6, neighbor advertisement, tgt is fd42:4242:16::2, length 32
  119  19:30:46.378057 MDSA 1.3:0: IP6 fd42:4242:16::1 > fd42:4242:16::2: ICMP6, echo request, id 29509, seq 9, length 64
  120  19:30:46.378154 MDSA 1.3:0: IP6 fd42:4242:16::2 > fd42:4242:16::1: ICMP6, echo reply, id 29509, seq 9, length 64
  121  19:30:46.393389 MDSA 1.4:0: IP6 fd42:4242:17::1 > fd42:4242:17::2: ICMP6, echo request, id 29510, seq 1, length 64
  122  19:30:47.400586 MDSA 1.4:0: IP6 fd42:4242:17::1 > fd42:4242:17::2: ICMP6, echo request, id 29510, seq 2, length 64
  123  19:30:47.854794 MDSA 1.4:0: IP6 fe80::74b0:94ff:fee7:76b7 > ff02::2: ICMP6, router solicitation, length 16
  124  19:30:48.424791 MDSA 1.4:0: IP6 fd42:4242:17::1 > fd42:4242:17::2: ICMP6, echo request, id 29510, seq 3, length 64
  125  19:30:49.134785 MDSA 0.3:0: IP6 fe80::74b0:94ff:fee7:76b7 > ff02::2: ICMP6, router solicitation, length 16
  126  19:30:49.448898 MDSA 1.4:0: IP6 fd42:4242:17::1 > fd42:4242:17::2: ICMP6, echo request, id 29510, seq 4, length 64
  127  19:30:49.774781 MDSA 0.1:0: IP6 fe80::74b0:94ff:fee7:76b7 > ff02::2: ICMP6, router solicitation, length 16
  128  19:30:50.414781 MDSA 0.2:0: IP6 fe80::74b0:94ff:fee7:76b7 > ff02::2: ICMP6, router solicitation, length 16
  129  19:30:50.473009 MDSA 1.4:0: IP6 fd42:4242:17::1 > fd42:4242:17::2: ICMP6, echo request, id 29510, seq 5, length 64
  130  19:30:51.454806 MDSA 1.3:0: IP6 fe80::74b0:94ff:fee7:76b7 > fd42:4242:16::1: ICMP6, neighbor solicitation, who has fd42:4242:16::1, length 32
  131  19:30:51.456503 MDSA 1.3:0: IP6 fd42:4242:16::1 > fe80::74b0:94ff:fee7:76b7: ICMP6, neighbor advertisement, tgt is fd42:4242:16::1, length 24
  132  19:30:51.497300 MDSA 1.4:0: IP6 fd42:4242:17::1 > fd42:4242:17::2: ICMP6, echo request, id 29510, seq 6, length 64
  133  19:30:52.334782 MDSA 1.2:0: IP6 fe80::74b0:94ff:fee7:76b7 > ff02::2: ICMP6, router solicitation, length 16
  134  19:30:52.521231 MDSA 1.4:0: IP6 fd42:4242:17::1 > fd42:4242:17::2: ICMP6, echo request, id 29510, seq 7, length 64
  135  19:30:52.974787 MDSA 0.4:0: IP6 fe80::74b0:94ff:fee7:76b7 > ff02::2: ICMP6, router solicitation, length 16
  136  19:30:53.545340 MDSA 1.4:0: IP6 fd42:4242:17::1 > fd42:4242:17::2: ICMP6, echo request, id 29510, seq 8, length 64
  137  19:30:54.569421 MDSA 1.4:0: IP6 fd42:4242:17::1 > ff02::1:ff00:2: ICMP6, neighbor solicitation, who has fd42:4242:17::2, length 32
  138  19:30:54.569575 MDSA 1.4:0: IP6 fd42:4242:17::2 > fd42:4242:17::1: ICMP6, neighbor advertisement, tgt is fd42:4242:17::2, length 32
  139  19:30:54.571124 MDSA 1.4:0: IP6 fd42:4242:17::1 > fd42:4242:17::2: ICMP6, echo request, id 29510, seq 9, length 64
  140  19:30:54.571223 MDSA 1.4:0: IP6 fd42:4242:17::2 > fd42:4242:17::1: ICMP6, echo reply, id 29510, seq 9, length 64
  141  19:30:54.785005 MDSA 0.1:0: IP6 fe80::74b0:94ff:fee7:76b7 > ff02::16: HBH ICMP6, multicast listener report v2, 1 group record(s), length 28
  142  19:30:55.665129 MDSA 0.1:0: IP6 :: > ff02::16: HBH ICMP6, multicast listener report v2, 2 group record(s), length 48
  143  19:30:55.774938 MDSA 0.1:0: IP6 fe80::74b0:94ff:fee7:76b7 > ff02::16: HBH ICMP6, multicast listener report v2, 1 group record(s), length 28
  144  19:30:55.854973 MDSA 0.1:0: IP6 :: > ff02::16: HBH ICMP6, multicast listener report v2, 3 group record(s), length 68
  145  19:30:55.855159 MDSA 0.1:0: IP6 :: > ff02::1:ff00:2: ICMP6, neighbor solicitation, who has fd42:4242:10::2, length 32
  146  19:30:56.254866 MDSA 0.1:0: IP 192.168.10.2 > 224.0.0.22: igmp v3 report, 1 group record(s)
  147  19:30:56.257736 MDSA 0.1:0: IP6 :: > ff02::1:ff02:6e: ICMP6, neighbor solicitation, who has fe80::7430:8bff:fe02:6e, length 32
  148  19:30:56.654844 MDSA 0.1:0: IP6 :: > ff02::16: HBH ICMP6, multicast listener report v2, 3 group record(s), length 68
  149  19:30:57.294918 MDSA 0.1:0: IP6 fe80::7430:8bff:fe02:6e > ff02::16: HBH ICMP6, multicast listener report v2, 3 group record(s), length 68
  150  19:30:57.295049 MDSA 0.1:0: IP6 fe80::7430:8bff:fe02:6e > ff02::2: ICMP6, router solicitation, length 16
  151  19:30:58.174821 MDSA 0.1:0: IP6 fe80::7430:8bff:fe02:6e > ff02::16: HBH ICMP6, multicast listener report v2, 3 group record(s), length 68
  152  19:30:59.614822 MDSA 1.4:0: IP6 fe80::74b0:94ff:fee7:76b7 > fd42:4242:17::1: ICMP6, neighbor solicitation, who has fd42:4242:17::1, length 32
  153  19:30:59.616600 MDSA 1.4:0: IP6 fd42:4242:17::1 > fe80::74b0:94ff:fee7:76b7: ICMP6, neighbor advertisement, tgt is fd42:4242:17::1, length 24
  154  19:31:00.850713 MDSA 0.1:0: IP 192.168.10.1 > 192.168.10.2: ICMP echo request, id 29511, seq 1, length 64
  155  19:31:00.850994 MDSA 0.1:0: ARP, Request who-has 192.168.10.1 tell 192.168.10.2, length 28
  156  19:31:00.852371 MDSA 0.1:0: ARP, Reply 192.168.10.1 is-at 70:88:6b:80:66:50, length 46
  157  19:31:00.852456 MDSA 0.1:0: IP 192.168.10.2 > 192.168.10.1: ICMP echo reply, id 29511, seq 1, length 64
  158  19:31:00.867591 MDSA 0.2:0: IP 192.168.11.1 > 192.168.11.2: ICMP echo request, id 29512, seq 1, length 64
  159  19:31:00.867701 MDSA 0.2:0: IP 192.168.11.2 > 192.168.11.1: ICMP echo reply, id 29512, seq 1, length 64
  160  19:31:00.882091 MDSA 0.3:0: IP 192.168.12.1 > 192.168.12.2: ICMP echo request, id 29513, seq 1, length 64
  161  19:31:00.882183 MDSA 0.3:0: IP 192.168.12.2 > 192.168.12.1: ICMP echo reply, id 29513, seq 1, length 64
  162  19:31:00.896494 MDSA 0.4:0: IP 192.168.13.1 > 192.168.13.2: ICMP echo request, id 29514, seq 1, length 64
  163  19:31:00.896592 MDSA 0.4:0: IP 192.168.13.2 > 192.168.13.1: ICMP echo reply, id 29514, seq 1, length 64
  164  19:31:00.911000 MDSA 1.1:0: IP 192.168.14.1 > 192.168.14.2: ICMP echo request, id 29515, seq 1, length 64
  165  19:31:00.911093 MDSA 1.1:0: IP 192.168.14.2 > 192.168.14.1: ICMP echo reply, id 29515, seq 1, length 64
  166  19:31:00.925501 MDSA 1.2:0: IP 192.168.15.1 > 192.168.15.2: ICMP echo request, id 29516, seq 1, length 64
  167  19:31:00.925594 MDSA 1.2:0: IP 192.168.15.2 > 192.168.15.1: ICMP echo reply, id 29516, seq 1, length 64
  168  19:31:00.940003 MDSA 1.3:0: IP 192.168.16.1 > 192.168.16.2: ICMP echo request, id 29517, seq 1, length 64
  169  19:31:00.940092 MDSA 1.3:0: IP 192.168.16.2 > 192.168.16.1: ICMP echo reply, id 29517, seq 1, length 64
  170  19:31:00.954627 MDSA 1.4:0: IP 192.168.17.1 > 192.168.17.2: ICMP echo request, id 29518, seq 1, length 64
  171  19:31:00.954719 MDSA 1.4:0: IP 192.168.17.2 > 192.168.17.1: ICMP echo reply, id 29518, seq 1, length 64
  172  19:31:00.969366 MDSA 0.1:0: IP6 fd42:4242:10::1 > fd42:4242:10::2: ICMP6, echo request, id 29519, seq 1, length 64
  173  19:31:00.969604 MDSA 0.1:0: IP6 fd42:4242:10::2 > ff02::1:ff00:1: ICMP6, neighbor solicitation, who has fd42:4242:10::1, length 32
  174  19:31:00.971218 MDSA 0.1:0: IP6 fd42:4242:10::1 > fd42:4242:10::2: ICMP6, neighbor advertisement, tgt is fd42:4242:10::1, length 32
  175  19:31:00.971309 MDSA 0.1:0: IP6 fd42:4242:10::2 > fd42:4242:10::1: ICMP6, echo reply, id 29519, seq 1, length 64
  176  19:31:00.985708 MDSA 0.2:0: IP6 fd42:4242:11::1 > fd42:4242:11::2: ICMP6, echo request, id 29520, seq 1, length 64
  177  19:31:00.985805 MDSA 0.2:0: IP6 fd42:4242:11::2 > fd42:4242:11::1: ICMP6, echo reply, id 29520, seq 1, length 64
  178  19:31:01.000491 MDSA 0.3:0: IP6 fd42:4242:12::1 > fd42:4242:12::2: ICMP6, echo request, id 29521, seq 1, length 64
  179  19:31:01.000577 MDSA 0.3:0: IP6 fd42:4242:12::2 > fd42:4242:12::1: ICMP6, echo reply, id 29521, seq 1, length 64
  180  19:31:01.015027 MDSA 0.4:0: IP6 fd42:4242:13::1 > fd42:4242:13::2: ICMP6, echo request, id 29522, seq 1, length 64
  181  19:31:01.015111 MDSA 0.4:0: IP6 fd42:4242:13::2 > fd42:4242:13::1: ICMP6, echo reply, id 29522, seq 1, length 64
  182  19:31:01.029877 MDSA 1.1:0: IP6 fd42:4242:14::1 > fd42:4242:14::2: ICMP6, echo request, id 29523, seq 1, length 64
  183  19:31:01.029962 MDSA 1.1:0: IP6 fd42:4242:14::2 > fd42:4242:14::1: ICMP6, echo reply, id 29523, seq 1, length 64
  184  19:31:01.044687 MDSA 1.2:0: IP6 fd42:4242:15::1 > fd42:4242:15::2: ICMP6, echo request, id 29524, seq 1, length 64
  185  19:31:01.044789 MDSA 1.2:0: IP6 fd42:4242:15::2 > fd42:4242:15::1: ICMP6, echo reply, id 29524, seq 1, length 64
  186  19:31:01.054802 MDSA 0.1:0: IP6 fe80::7430:8bff:fe02:6e > ff02::2: ICMP6, router solicitation, length 16
  187  19:31:01.059461 MDSA 1.3:0: IP6 fd42:4242:16::1 > fd42:4242:16::2: ICMP6, echo request, id 29525, seq 1, length 64
  188  19:31:01.059546 MDSA 1.3:0: IP6 fd42:4242:16::2 > fd42:4242:16::1: ICMP6, echo reply, id 29525, seq 1, length 64
  189  19:31:01.074134 MDSA 1.4:0: IP6 fd42:4242:17::1 > fd42:4242:17::2: ICMP6, echo request, id 29526, seq 1, length 64
  190  19:31:01.074217 MDSA 1.4:0: IP6 fd42:4242:17::2 > fd42:4242:17::1: ICMP6, echo reply, id 29526, seq 1, length 64
  191  19:31:01.304955 MDSA 0.3:0: IP6 fe80::74b0:94ff:fee7:76b7 > ff02::16: HBH ICMP6, multicast listener report v2, 1 group record(s), length 28
  192  19:31:01.814932 MDSA 0.3:0: IP6 fe80::74b0:94ff:fee7:76b7 > ff02::16: HBH ICMP6, multicast listener report v2, 1 group record(s), length 28
  193  19:31:02.134931 MDSA 0.3:0: IP6 :: > ff02::16: HBH ICMP6, multicast listener report v2, 2 group record(s), length 48
  194  19:31:02.255020 MDSA 0.3:0: IP6 :: > ff02::16: HBH ICMP6, multicast listener report v2, 2 group record(s), length 48
  195  19:31:02.325019 MDSA 0.3:0: IP6 :: > ff02::16: HBH ICMP6, multicast listener report v2, 3 group record(s), length 68
  196  19:31:02.654868 MDSA 0.3:0: IP6 :: > ff02::1:ff7b:7847: ICMP6, neighbor solicitation, who has fe80::3c24:eaff:fe7b:7847, length 32
  197  19:31:02.734865 MDSA 0.3:0: IP 192.168.12.2 > 224.0.0.22: igmp v3 report, 1 group record(s)
  198  19:31:02.864841 MDSA 0.3:0: IP6 :: > ff02::16: HBH ICMP6, multicast listener report v2, 3 group record(s), length 68
  199  19:31:03.054837 MDSA 0.3:0: IP6 :: > ff02::1:ff00:2: ICMP6, neighbor solicitation, who has fd42:4242:12::2, length 32
  200  19:31:03.694907 MDSA 0.3:0: IP6 fe80::3c24:eaff:fe7b:7847 > ff02::16: HBH ICMP6, multicast listener report v2, 3 group record(s), length 68
  201  19:31:03.695013 MDSA 0.3:0: IP6 fe80::3c24:eaff:fe7b:7847 > ff02::2: ICMP6, router solicitation, length 16
  202  19:31:03.734807 MDSA 0.3:0: IP6 fe80::3c24:eaff:fe7b:7847 > ff02::16: HBH ICMP6, multicast listener report v2, 3 group record(s), length 68
