    1  19:29:59.253195 70:88:6b:80:66:50 > a6:ea:d8:57:49:d5, Forward, untagged, dev.port:vlan 0.1:0, pri 0: IP6 fd42:4242:10::1 > fd42:4242:10::2: ICMP6, echo request, id 29502, seq 4, length 64
    2  19:29:59.854833 76:b0:94:e7:76:b7 > 33:33:00:00:00:02, From_CPU, untagged, dev.port:vlan 1.3:0, pri 0: IP6 fe80::74b0:94ff:fee7:76b7 > ff02::2: ICMP6, router solicitation, length 16
    3  19:29:59.854921 76:b0:94:e7:76:b7 > 33:33:00:00:00:02, From_CPU, untagged, dev.port:vlan 1.1:0, pri 0: IP6 fe80::74b0:94ff:fee7:76b7 > ff02::2: ICMP6, router solicitation, length 16
    4  19:30:00.277396 70:88:6b:80:66:50 > a6:ea:d8:57:49:d5, Forward, untagged, dev.port:vlan 0.1:0, pri 0: IP6 fd42:4242:10::1 > fd42:4242:10::2: ICMP6, echo request, id 29502, seq 5, length 64
    5  19:30:00.494794 76:b0:94:e7:76:b7 > 33:33:00:00:00:02, From_CPU, untagged, dev.port:vlan 1.4:0, pri 0: IP6 fe80::74b0:94ff:fee7:76b7 > ff02::2: ICMP6, router solicitation, length 16
    6  19:30:00.494868 76:b0:94:e7:76:b7 > 33:33:00:00:00:02, From_CPU, untagged, dev.port:vlan 0.3:0, pri 0: IP6 fe80::74b0:94ff:fee7:76b7 > ff02::2: ICMP6, router solicitation, length 16
    7  19:30:00.494923 76:b0:94:e7:76:b7 > 33:33:00:00:00:02, From_CPU, untagged, dev.port:vlan 0.1:0, pri 0: IP6 fe80::74b0:94ff:fee7:76b7 > ff02::2: ICMP6, router solicitation, length 16
    8  19:30:00.494970 76:b0:94:e7:76:b7 > 33:33:00:00:00:02, From_CPU, untagged, dev.port:vlan 0.2:0, pri 0: IP6 fe80::74b0:94ff:fee7:76b7 > ff02::2: ICMP6, router solicitation, length 16
    9  19:30:00.495021 76:b0:94:e7:76:b7 > 33:33:00:00:00:02, From_CPU, untagged, dev.port:vlan 0.4:0, pri 0: IP6 fe80::74b0:94ff:fee7:76b7 > ff02::2: ICMP6, router solicitation, length 16
   10  19:30:01.054787 76:b0:94:e7:76:b7 > 70:88:6b:80:66:50, From_CPU, untagged, dev.port:vlan 0.1:0, pri 0: ARP, Request who-has 192.168.10.1 tell 192.168.10.2, length 28
   11  19:30:01.056114 70:88:6b:80:66:50 > 76:b0:94:e7:76:b7, Forward, untagged, dev.port:vlan 0.1:0, pri 0: ARP, Reply 192.168.10.1 is-at 70:88:6b:80:66:50, length 46
   12  19:30:01.134778 76:b0:94:e7:76:b7 > 70:88:6b:80:38:dc, From_CPU, untagged, dev.port:vlan 1.2:0, pri 0: ARP, Request who-has 192.168.15.1 tell 192.168.15.2, length 28
   13  19:30:01.134841 76:b0:94:e7:76:b7 > 70:88:6b:80:67:16, From_CPU, untagged, dev.port:vlan 1.1:0, pri 0: ARP, Request who-has 192.168.14.1 tell 192.168.14.2, length 28
   14  19:30:01.134884 76:b0:94:e7:76:b7 > 70:88:6b:80:64:80, From_CPU, untagged, dev.port:vlan 0.4:0, pri 0: ARP, Request who-has 192.168.13.1 tell 192.168.13.2, length 28
   15  19:30:01.134924 76:b0:94:e7:76:b7 > 70:88:6b:80:37:e7, From_CPU, untagged, dev.port:vlan 0.3:0, pri 0: ARP, Request who-has 192.168.12.1 tell 192.168.12.2, length 28
   16  19:30:01.134962 76:b0:94:e7:76:b7 > 70:88:6b:80:65:da, From_CPU, untagged, dev.port:vlan 0.2:0, pri 0: ARP, Request who-has 192.168.11.1 tell 192.168.11.2, length 28
   17  19:30:01.136471 70:88:6b:80:37:e7 > 76:b0:94:e7:76:b7, Forward, untagged, dev.port:vlan 0.3:0, pri 0: ARP, Reply 192.168.12.1 is-at 70:88:6b:80:37:e7, length 46
   18  19:30:01.136530 70:88:6b:80:67:16 > 76:b0:94:e7:76:b7, Forward, untagged, dev.port:vlan 1.1:0, pri 0: ARP, Reply 192.168.14.1 is-at 70:88:6b:80:67:16, length 46
   19  19:30:01.136577 70:88:6b:80:38:dc > 76:b0:94:e7:76:b7, Forward, untagged, dev.port:vlan 1.2:0, pri 0: ARP, Reply 192.168.15.1 is-at 70:88:6b:80:38:dc, length 46
   20  19:30:01.136822 70:88:6b:80:65:da > 76:b0:94:e7:76:b7, Forward, untagged, dev.port:vlan 0.2:0, pri 0: ARP, Reply 192.168.11.1 is-at 70:88:6b:80:65:da, length 46
   21  19:30:01.136868 70:88:6b:80:64:80 > 76:b0:94:e7:76:b7, Forward, untagged, dev.port:vlan 0.4:0, pri 0: ARP, Reply 192.168.13.1 is-at 70:88:6b:80:64:80, length 46
   22  19:30:01.214777 76:b0:94:e7:76:b7 > 70:88:6b:80:64:af, From_CPU, untagged, dev.port:vlan 1.4:0, pri 0: ARP, Request who-has 192.168.17.1 tell 192.168.17.2, length 28
   23  19:30:01.214839 76:b0:94:e7:76:b7 > 70:88:6b:80:65:ac, From_CPU, untagged, dev.port:vlan 1.3:0, pri 0: ARP, Request who-has 192.168.16.1 tell 192.168.16.2, length 28
   24  19:30:01.216216 70:88:6b:80:65:ac > 76:b0:94:e7:76:b7, Forward, untagged, dev.port:vlan 1.3:0, pri 0: ARP, Reply 192.168.16.1 is-at 70:88:6b:80:65:ac, length 46
   25  19:30:01.216269 70:88:6b:80:64:af > 76:b0:94:e7:76:b7, Forward, untagged, dev.port:vlan 1.4:0, pri 0: ARP, Reply 192.168.17.1 is-at 70:88:6b:80:64:af, length 46
   26  19:30:01.301451 70:88:6b:80:66:50 > a6:ea:d8:57:49:d5, Forward, untagged, dev.port:vlan 0.1:0, pri 0: IP6 fd42:4242:10::1 > fd42:4242:10::2: ICMP6, echo request, id 29502, seq 6, length 64
   27  19:30:01.774788 76:b0:94:e7:76:b7 > 33:33:00:00:00:02, From_CPU, untagged, dev.port:vlan 1.2:0, pri 0: IP6 fe80::74b0:94ff:fee7:76b7 > ff02::2: ICMP6, router solicitation, length 16
   28  19:30:02.325461 70:88:6b:80:66:50 > a6:ea:d8:57:49:d5, Forward, untagged, dev.port:vlan 0.1:0, pri 0: IP6 fd42:4242:10::1 > fd42:4242:10::2: ICMP6, echo request, id 29502, seq 7, length 64
   29  19:30:03.349693 70:88:6b:80:66:50 > a6:ea:d8:57:49:d5, Forward, untagged, dev.port:vlan 0.1:0, pri 0: IP6 fd42:4242:10::1 > fd42:4242:10::2: ICMP6, echo request, id 29502, seq 8, length 64
   30  19:30:04.373834 70:88:6b:80:66:50 > a6:ea:d8:57:49:d5, Forward, untagged, dev.port:vlan 0.1:0, pri 0: IP6 fd42:4242:10::1 > fd42:4242:10::2: ICMP6, echo request, id 29502, seq 9, length 64
   31  19:30:05.398052 70:88:6b:80:66:50 > 33:33:ff:00:00:02, Forward, untagged, dev.port:vlan 0.1:0, pri 0: IP6 fd42:4242:10::1 > ff02::1:ff00:2: ICMP6, neighbor solicitation, who has fd42:4242:10::2, length 32
   32  19:30:05.398282 76:b0:94:e7:76:b7 > 70:88:6b:80:66:50, From_CPU, untagged, dev.port:vlan 0.1:0, pri 0: IP6 fd42:4242:10::2 > fd42:4242:10::1: ICMP6, neighbor advertisement, tgt is fd42:4242:10::2, length 32
   33  19:30:05.399877 70:88:6b:80:66:50 > 76:b0:94:e7:76:b7, Forward, untagged, dev.port:vlan 0.1:0, pri 0: IP6 fd42:4242:10::1 > fd42:4242:10::2: ICMP6, echo request, id 29502, seq 10, length 64
   34  19:30:05.400022 76:b0:94:e7:76:b7 > 70:88:6b:80:66:50, From_CPU, untagged, dev.port:vlan 0.1:0, pri 0: IP6 fd42:4242:10::2 > fd42:4242:10::1: ICMP6, echo reply, id 29502, seq 10, length 64
   35  19:30:05.416425 70:88:6b:80:65:da > 33:33:ff:00:00:02, Forward, untagged, dev.port:vlan 0.2:0, pri 0: IP6 fd42:4242:11::1 > ff02::1:ff00:2: ICMP6, neighbor solicitation, who has fd42:4242:11::2, length 32
   36  19:30:05.416547 76:b0:94:e7:76:b7 > 70:88:6b:80:65:da, From_CPU, untagged, dev.port:vlan 0.2:0, pri 0: IP6 fd42:4242:11::2 > fd42:4242:11::1: ICMP6, neighbor advertisement, tgt is fd42:4242:11::2, length 32
   37  19:30:05.417937 70:88:6b:80:65:da > 76:b0:94:e7:76:b7, Forward, untagged, dev.port:vlan 0.2:0, pri 0: IP6 fd42:4242:11::1 > fd42:4242:11::2: ICMP6, echo request, id 29504, seq 1, length 64
   38  19:30:05.418026 76:b0:94:e7:76:b7 > 70:88:6b:80:65:da, From_CPU, untagged, dev.port:vlan 0.2:0, pri 0: IP6 fd42:4242:11::2 > fd42:4242:11::1: ICMP6, echo reply, id 29504, seq 1, length 64
   39  19:30:05.432384 70:88:6b:80:37:e7 > ce:00:11:22:33:44, Forward, untagged, dev.port:vlan 0.3:0, pri 0: IP6 fd42:4242:12::1 > fd42:4242:12::2: ICMP6, echo request, id 29505, seq 1, length 64
   40  19:30:06.454057 70:88:6b:80:37:e7 > ce:00:11:22:33:44, Forward, untagged, dev.port:vlan 0.3:0, pri 0: IP6 fd42:4242:12::1 > fd42:4242:12::2: ICMP6, echo request, id 29505, seq 2, length 64
   41  19:30:07.477568 70:88:6b:80:37:e7 > ce:00:11:22:33:44, Forward, untagged, dev.port:vlan 0.3:0, pri 0: IP6 fd42:4242:12::1 > fd42:4242:12::2: ICMP6, echo request, id 29505, seq 3, length 64
   42  19:30:08.501217 70:88:6b:80:37:e7 > ce:00:11:22:33:44, Forward, untagged, dev.port:vlan 0.3:0, pri 0: IP6 fd42:4242:12::1 > fd42:4242:12::2: ICMP6, echo request, id 29505, seq 4, length 64
   43  19:30:09.524691 70:88:6b:80:37:e7 > ce:00:11:22:33:44, Forward, untagged, dev.port:vlan 0.3:0, pri 0: IP6 fd42:4242:12::1 > fd42:4242:12::2: ICMP6, echo request, id 29505, seq 5, length 64
   44  19:30:10.414805 76:b0:94:e7:76:b7 > 70:88:6b:80:66:50, From_CPU, untagged, dev.port:vlan 0.1:0, pri 0: IP6 fe80::74b0:94ff:fee7:76b7 > fd42:4242:10::1: ICMP6, neighbor solicitation, who has fd42:4242:10::1, length 32
   45  19:30:10.416577 70:88:6b:80:66:50 > 76:b0:94:e7:76:b7, Forward, untagged, dev.port:vlan 0.1:0, pri 0: IP6 fd42:4242:10::1 > fe80::74b0:94ff:fee7:76b7: ICMP6, neighbor advertisement, tgt is fd42:4242:10::1, length 24
   46  19:30:10.494787 76:b0:94:e7:76:b7 > 70:88:6b:80:65:da, From_CPU, untagged, dev.port:vlan 0.2:0, pri 0: IP6 fe80::74b0:94ff:fee7:76b7 > fd42:4242:11::1: ICMP6, neighbor solicitation, who has fd42:4242:11::1, length 32
   47  19:30:10.496566 70:88:6b:80:65:da > 76:b0:94:e7:76:b7, Forward, untagged, dev.port:vlan 0.2:0, pri 0: IP6 fd42:4242:11::1 > fe80::74b0:94ff:fee7:76b7: ICMP6, neighbor advertisement, tgt is fd42:4242:11::1, length 24
   48  19:30:10.548368 70:88:6b:80:37:e7 > ce:00:11:22:33:44, Forward, untagged, dev.port:vlan 0.3:0, pri 0: IP6 fd42:4242:12::1 > fd42:4242:12::2: ICMP6, echo request, id 29505, seq 6, length 64
   49  19:30:11.572011 70:88:6b:80:37:e7 > ce:00:11:22:33:44, Forward, untagged, dev.port:vlan 0.3:0, pri 0: IP6 fd42:4242:12::1 > fd42:4242:12::2: ICMP6, echo request, id 29505, seq 7, length 64
   50  19:30:12.595823 70:88:6b:80:37:e7 > ce:00:11:22:33:44, Forward, untagged, dev.port:vlan 0.3:0, pri 0: IP6 fd42:4242:12::1 > fd42:4242:12::2: ICMP6, echo request, id 29505, seq 8, length 64
   51  19:30:13.619376 70:88:6b:80:37:e7 > 33:33:ff:00:00:02, Forward, untagged, dev.port:vlan 0.3:0, pri 0: IP6 fd42:4242:12::1 > ff02::1:ff00:2: ICMP6, neighbor solicitation, who has fd42:4242:12::2, length 32
   52  19:30:13.619568 76:b0:94:e7:76:b7 > 70:88:6b:80:37:e7, From_CPU, untagged, dev.port:vlan 0.3:0, pri 0: IP6 fd42:4242:12::2 > fd42:4242:12::1: ICMP6, neighbor advertisement, tgt is fd42:4242:12::2, length 32
   53  19:30:13.621162 70:88:6b:80:37:e7 > 76:b0:94:e7:76:b7, Forward, untagged, dev.port:vlan 0.3:0, pri 0: IP6 fd42:4242:12::1 > fd42:4242:12::2: ICMP6, echo request, id 29505, seq 9, length 64
   54  19:30:13.621283 76:b0:94:e7:76:b7 > 70:88:6b:80:37:e7, From_CPU, untagged, dev.port:vlan 0.3:0, pri 0: IP6 fd42:4242:12::2 > fd42:4242:12::1: ICMP6, echo reply, id 29505, seq 9, length 64
   55  19:30:13.638411 70:88:6b:80:64:80 > a6:ea:d8:57:49:d5, Forward, untagged, dev.port:vlan 0.4:0, pri 0: IP6 fd42:4242:13::1 > fd42:4242:13::2: ICMP6, echo request, id 29506, seq 1, length 64
   56  19:30:14.574789 76:b0:94:e7:76:b7 > 33:33:00:00:00:02, From_CPU, untagged, dev.port:vlan 1.3:0, pri 0: IP6 fe80::74b0:94ff:fee7:76b7 > ff02::2: ICMP6, router solicitation, length 16
   57  19:30:14.642837 70:88:6b:80:64:80 > a6:ea:d8:57:49:d5, Forward, untagged, dev.port:vlan 0.4:0, pri 0: IP6 fd42:4242:13::1 > fd42:4242:13::2: ICMP6, echo request, id 29506, seq 2, length 64
   58  19:30:15.214783 76:b0:94:e7:76:b7 > 33:33:00:00:00:02, From_CPU, untagged, dev.port:vlan 1.1:0, pri 0: IP6 fe80::74b0:94ff:fee7:76b7 > ff02::2: ICMP6, router solicitation, length 16
   59  19:30:15.666391 70:88:6b:80:64:80 > a6:ea:d8:57:49:d5, Forward, untagged, dev.port:vlan 0.4:0, pri 0: IP6 fd42:4242:13::1 > fd42:4242:13::2: ICMP6, echo request, id 29506, seq 3, length 64
   60  19:30:16.494824 76:b0:94:e7:76:b7 > 33:33:00:00:00:02, From_CPU, untagged, dev.port:vlan 1.4:0, pri 0: IP6 fe80::74b0:94ff:fee7:76b7 > ff02::2: ICMP6, router solicitation, length 16
   61  19:30:16.690246 70:88:6b:80:64:80 > a6:ea:d8:57:49:d5, Forward, untagged, dev.port:vlan 0.4:0, pri 0: IP6 fd42:4242:13::1 > fd42:4242:13::2: ICMP6, echo request, id 29506, seq 4, length 64
   62  19:30:17.134779 76:b0:94:e7:76:b7 > 33:33:00:00:00:02, From_CPU, untagged, dev.port:vlan 0.1:0, pri 0: IP6 fe80::74b0:94ff:fee7:76b7 > ff02::2: ICMP6, router solicitation, length 16
   63  19:30:17.134850 76:b0:94:e7:76:b7 > 33:33:00:00:00:02, From_CPU, untagged, dev.port:vlan 0.3:0, pri 0: IP6 fe80::74b0:94ff:fee7:76b7 > ff02::2: ICMP6, router solicitation, length 16
   64  19:30:17.713792 70:88:6b:80:64:80 > a6:ea:d8:57:49:d5, Forward, untagged, dev.port:vlan 0.4:0, pri 0: IP6 fd42:4242:13::1 > fd42:4242:13::2: ICMP6, echo request, id 29506, seq 5, length 64
   65  19:30:17.774776 76:b0:94:e7:76:b7 > 33:33:00:00:00:02, From_CPU, untagged, dev.port:vlan 0.2:0, pri 0: IP6 fe80::74b0:94ff:fee7:76b7 > ff02::2: ICMP6, router solicitation, length 16
   66  19:30:18.414775 76:b0:94:e7:76:b7 > 33:33:00:00:00:02, From_CPU, untagged, dev.port:vlan 0.4:0, pri 0: IP6 fe80::74b0:94ff:fee7:76b7 > ff02::2: ICMP6, router solicitation, length 16
   67  19:30:18.654787 76:b0:94:e7:76:b7 > 70:88:6b:80:37:e7, From_CPU, untagged, dev.port:vlan 0.3:0, pri 0: IP6 fe80::74b0:94ff:fee7:76b7 > fd42:4242:12::1: ICMP6, neighbor solicitation, who has fd42:4242:12::1, length 32
   68  19:30:18.656181 70:88:6b:80:37:e7 > 76:b0:94:e7:76:b7, Forward, untagged, dev.port:vlan 0.3:0, pri 0: IP6 fd42:4242:12::1 > fe80::74b0:94ff:fee7:76b7: ICMP6, neighbor advertisement, tgt is fd42:4242:12::1, length 24
   69  19:30:18.737395 70:88:6b:80:64:80 > a6:ea:d8:57:49:d5, Forward, untagged, dev.port:vlan 0.4:0, pri 0: IP6 fd42:4242:13::1 > fd42:4242:13::2: ICMP6, echo request, id 29506, seq 6, length 64
   70  19:30:19.054778 76:b0:94:e7:76:b7 > 33:33:00:00:00:02, From_CPU, untagged, dev.port:vlan 1.2:0, pri 0: IP6 fe80::74b0:94ff:fee7:76b7 > ff02::2: ICMP6, router solicitation, length 16
   71  19:30:19.761058 70:88:6b:80:64:80 > a6:ea:d8:57:49:d5, Forward, untagged, dev.port:vlan 0.4:0, pri 0: IP6 fd42:4242:13::1 > fd42:4242:13::2: ICMP6, echo request, id 29506, seq 7, length 64
   72  19:30:20.784661 70:88:6b:80:64:80 > a6:ea:d8:57:49:d5, Forward, untagged, dev.port:vlan 0.4:0, pri 0: IP6 fd42:4242:13::1 > fd42:4242:13::2: ICMP6, echo request, id 29506, seq 8, length 64
   73  19:30:21.808322 70:88:6b:80:64:80 > 33:33:ff:00:00:02, Forward, untagged, dev.port:vlan 0.4:0, pri 0: IP6 fd42:4242:13::1 > ff02::1:ff00:2: ICMP6, neighbor solicitation, who has fd42:4242:13::2, length 32
   74  19:30:21.808500 76:b0:94:e7:76:b7 > 70:88:6b:80:64:80, From_CPU, untagged, dev.port:vlan 0.4:0, pri 0: IP6 fd42:4242:13::2 > fd42:4242:13::1: ICMP6, neighbor advertisement, tgt is fd42:4242:13::2, length 32
   75  19:30:21.809968 70:88:6b:80:64:80 > 76:b0:94:e7:76:b7, Forward, untagged, dev.port:vlan 0.4:0, pri 0: IP6 fd42:4242:13::1 > fd42:4242:13::2: ICMP6, echo request, id 29506, seq 9, length 64
   76  19:30:21.810080 76:b0:94:e7:76:b7 > 70:88:6b:80:64:80, From_CPU, untagged, dev.port:vlan 0.4:0, pri 0: IP6 fd42:4242:13::2 > fd42:4242:13::1: ICMP6, echo reply, id 29506, seq 9, length 64
   77  19:30:21.825498 70:88:6b:80:67:16 > a6:ea:d8:57:49:d5, Forward, untagged, dev.port:vlan 1.1:0, pri 0: IP6 fd42:4242:14::1 > fd42:4242:14::2: ICMP6, echo request, id 29507, seq 1, length 64
   78  19:30:22.831786 70:88:6b:80:67:16 > a6:ea:d8:57:49:d5, Forward, untagged, dev.port:vlan 1.1:0, pri 0: IP6 fd42:4242:14::1 > fd42:4242:14::2: ICMP6, echo request, id 29507, seq 2, length 64
   79  19:30:23.855550 70:88:6b:80:67:16 > a6:ea:d8:57:49:d5, Forward, untagged, dev.port:vlan 1.1:0, pri 0: IP6 fd42:4242:14::1 > fd42:4242:14::2: ICMP6, echo request, id 29507, seq 3, length 64
   80  19:30:24.879119 70:88:6b:80:67:16 > a6:ea:d8:57:49:d5, Forward, untagged, dev.port:vlan 1.1:0, pri 0: IP6 fd42:4242:14::1 > fd42:4242:14::2: ICMP6, echo request, id 29507, seq 4, length 64
   81  19:30:25.902631 70:88:6b:80:67:16 > a6:ea:d8:57:49:d5, Forward, untagged, dev.port:vlan 1.1:0, pri 0: IP6 fd42:4242:14::1 > fd42:4242:14::2: ICMP6, echo request, id 29507, seq 5, length 64
   82  19:30:26.814797 76:b0:94:e7:76:b7 > 70:88:6b:80:64:80, From_CPU, untagged, dev.port:vlan 0.4:0, pri 0: IP6 fe80::74b0:94ff:fee7:76b7 > fd42:4242:13::1: ICMP6, neighbor solicitation, who has fd42:4242:13::1, length 32
   83  19:30:26.816374 70:88:6b:80:64:80 > 76:b0:94:e7:76:b7, Forward, untagged, dev.port:vlan 0.4:0, pri 0: IP6 fd42:4242:13::1 > fe80::74b0:94ff:fee7:76b7: ICMP6, neighbor advertisement, tgt is fd42:4242:13::1, length 24
   84  19:30:26.926342 70:88:6b:80:67:16 > a6:ea:d8:57:49:d5, Forward, untagged, dev.port:vlan 1.1:0, pri 0: IP6 fd42:4242:14::1 > fd42:4242:14::2: ICMP6, echo request, id 29507, seq 6, length 64
   85  19:30:27.950009 70:88:6b:80:67:16 > a6:ea:d8:57:49:d5, Forward, untagged, dev.port:vlan 1.1:0, pri 0: IP6 fd42:4242:14::1 > fd42:4242:14::2: ICMP6, echo request, id 29507, seq 7, length 64
   86  19:30:28.973532 70:88:6b:80:67:16 > a6:ea:d8:57:49:d5, Forward, untagged, dev.port:vlan 1.1:0, pri 0: IP6 fd42:4242:14::1 > fd42:4242:14::2: ICMP6, echo request, id 29507, seq 8, length 64
   87  19:30:29.997195 70:88:6b:80:67:16 > 33:33:ff:00:00:02, Forward, untagged, dev.port:vlan 1.1:0, pri 0: IP6 fd42:4242:14::1 > ff02::1:ff00:2: ICMP6, neighbor solicitation, who has fd42:4242:14::2, length 32
   88  19:30:29.997347 76:b0:94:e7:76:b7 > 70:88:6b:80:67:16, From_CPU, untagged, dev.port:vlan 1.1:0, pri 0: IP6 fd42:4242:14::2 > fd42:4242:14::1: ICMP6, neighbor advertisement, tgt is fd42:4242:14::2, length 32
   89  19:30:29.998688 70:88:6b:80:67:16 > 76:b0:94:e7:76:b7, Forward, untagged, dev.port:vlan 1.1:0, pri 0: IP6 fd42:4242:14::1 > fd42:4242:14::2: ICMP6, echo request, id 29507, seq 9, length 64
   90  19:30:29.998791 76:b0:94:e7:76:b7 > 70:88:6b:80:67:16, From_CPU, untagged, dev.port:vlan 1.1:0, pri 0: IP6 fd42:4242:14::2 > fd42:4242:14::1: ICMP6, echo reply, id 29507, seq 9, length 64
   91  19:30:30.016214 70:88:6b:80:38:dc > a6:ea:d8:57:49:d5, Forward, untagged, dev.port:vlan 1.2:0, pri 0: IP6 fd42:4242:15::1 > fd42:4242:15::2: ICMP6, echo request, id 29508, seq 1, length 64
   92  19:30:31.020763 70:88:6b:80:38:dc > a6:ea:d8:57:49:d5, Forward, untagged, dev.port:vlan 1.2:0, pri 0: IP6 fd42:4242:15::1 > fd42:4242:15::2: ICMP6, echo request, id 29508, seq 2, length 64
   93  19:30:32.044333 70:88:6b:80:38:dc > a6:ea:d8:57:49:d5, Forward, untagged, dev.port:vlan 1.2:0, pri 0: IP6 fd42:4242:15::1 > fd42:4242:15::2: ICMP6, echo request, id 29508, seq 3, length 64
   94  19:30:33.067996 70:88:6b:80:38:dc > a6:ea:d8:57:49:d5, Forward, untagged, dev.port:vlan 1.2:0, pri 0: IP6 fd42:4242:15::1 > fd42:4242:15::2: ICMP6, echo request, id 29508, seq 4, length 64
   95  19:30:34.091646 70:88:6b:80:38:dc > a6:ea:d8:57:49:d5, Forward, untagged, dev.port:vlan 1.2:0, pri 0: IP6 fd42:4242:15::1 > fd42:4242:15::2: ICMP6, echo request, id 29508, seq 5, length 64
   96  19:30:35.054817 76:b0:94:e7:76:b7 > 70:88:6b:80:67:16, From_CPU, untagged, dev.port:vlan 1.1:0, pri 0: IP6 fe80::74b0:94ff:fee7:76b7 > fd42:4242:14::1: ICMP6, neighbor solicitation, who has fd42:4242:14::1, length 32
   97  19:30:35.056224 70:88:6b:80:67:16 > 76:b0:94:e7:76:b7, Forward, untagged, dev.port:vlan 1.1:0, pri 0: IP6 fd42:4242:14::1 > fe80::74b0:94ff:fee7:76b7: ICMP6, neighbor advertisement, tgt is fd42:4242:14::1, length 24
   98  19:30:35.115335 70:88:6b:80:38:dc > a6:ea:d8:57:49:d5, Forward, untagged, dev.port:vlan 1.2:0, pri 0: IP6 fd42:4242:15::1 > fd42:4242:15::2: ICMP6, echo request, id 29508, seq 6, length 64
   99  19:30:36.138850 70:88:6b:80:38:dc > a6:ea:d8:57:49:d5, Forward, untagged, dev.port:vlan 1.2:0, pri 0: IP6 fd42:4242:15::1 > fd42:4242:15::2: ICMP6, echo request, id 29508, seq 7, length 64
  100  19:30:37.162526 70:88:6b:80:38:dc > a6:ea:d8:57:49:d5, Forward, untagged, dev.port:vlan 1.2:0, pri 0: IP6 fd42:4242:15::1 > fd42:4242:15::2: ICMP6, echo request, id 29508, seq 8, length 64
  101  19:30:38.186131 70:88:6b:80:38:dc > 33:33:ff:00:00:02, Forward, untagged, dev.port:vlan 1.2:0, pri 0: IP6 fd42:4242:15::1 > ff02::1:ff00:2: ICMP6, neighbor solicitation, who has fd42:4242:15::2, length 32
  102  19:30:38.186273 76:b0:94:e7:76:b7 > 70:88:6b:80:38:dc, From_CPU, untagged, dev.port:vlan 1.2:0, pri 0: IP6 fd42:4242:15::2 > fd42:4242:15::1: ICMP6, neighbor advertisement, tgt is fd42:4242:15::2, length 32
  103  19:30:38.187675 70:88:6b:80:38:dc > 76:b0:94:e7:76:b7, Forward, untagged, dev.port:vlan 1.2:0, pri 0: IP6 fd42:4242:15::1 > fd42:4242:15::2: ICMP6, echo request, id 29508, seq 9, length 64
  104  19:30:38.187771 76:b0:94:e7:76:b7 > 70:88:6b:80:38:dc, From_CPU, untagged, dev.port:vlan 1.2:0, pri 0: IP6 fd42:4242:15::2 > fd42:4242:15::1: ICMP6, echo reply, id 29508, seq 9, length 64
  105  19:30:38.203801 70:88:6b:80:65:ac > a6:ea:d8:57:49:d5, Forward, untagged, dev.port:vlan 1.3:0, pri 0: IP6 fd42:4242:16::1 > fd42:4242:16::2: ICMP6, echo request, id 29509, seq 1, length 64
  106  19:30:39.209964 70:88:6b:80:65:ac > a6:ea:d8:57:49:d5, Forward, untagged, dev.port:vlan 1.3:0, pri 0: IP6 fd42:4242:16::1 > fd42:4242:16::2: ICMP6, echo request, id 29509, seq 2, length 64
  107  19:30:40.233516 70:88:6b:80:65:ac > a6:ea:d8:57:49:d5, Forward, untagged, dev.port:vlan 1.3:0, pri 0: IP6 fd42:4242:16::1 > fd42:4242:16::2: ICMP6, echo request, id 29509, seq 3, length 64
  108  19:30:41.257049 70:88:6b:80:65:ac > a6:ea:d8:57:49:d5, Forward, untagged, dev.port:vlan 1.3:0, pri 0: IP6 fd42:4242:16::1 > fd42:4242:16::2: ICMP6, echo request, id 29509, seq 4, length 64
  109  19:30:42.280697 70:88:6b:80:65:ac > a6:ea:d8:57:49:d5, Forward, untagged, dev.port:vlan 1.3:0, pri 0: IP6 fd42:4242:16::1 > fd42:4242:16::2: ICMP6, echo request, id 29509, seq 5, length 64
  110  19:30:43.214807 76:b0:94:e7:76:b7 > 70:88:6b:80:38:dc, From_CPU, untagged, dev.port:vlan 1.2:0, pri 0: IP6 fe80::74b0:94ff:fee7:76b7 > fd42:4242:15::1: ICMP6, neighbor solicitation, who has fd42:4242:15::1, length 32
  111  19:30:43.216583 70:88:6b:80:38:dc > 76:b0:94:e7:76:b7, Forward, untagged, dev.port:vlan 1.2:0, pri 0: IP6 fd42:4242:15::1 > fe80::74b0:94ff:fee7:76b7: ICMP6, neighbor advertisement, tgt is fd42:4242:15::1, length 24
  112  19:30:43.304674 70:88:6b:80:65:ac > a6:ea:d8:57:49:d5, Forward, untagged, dev.port:vlan 1.3:0, pri 0: IP6 fd42:4242:16::1 > fd42:4242:16::2: ICMP6, echo request, id 29509, seq 6, length 64
  113  19:30:44.328228 70:88:6b:80:65:ac > a6:ea:d8:57:49:d5, Forward, untagged, dev.port:vlan 1.3:0, pri 0: IP6 fd42:4242:16::1 > fd42:4242:16::2: ICMP6, echo request, id 29509, seq 7, length 64
  114  19:30:45.294786 76:b0:94:e7:76:b7 > 33:33:00:00:00:02, From_CPU, untagged, dev.port:vlan 1.3:0, pri 0: IP6 fe80::74b0:94ff:fee7:76b7 > ff02::2: ICMP6, router solicitation, length 16
  115  19:30:45.352241 70:88:6b:80:65:ac > a6:ea:d8:57:49:d5, Forward, untagged, dev.port:vlan 1.3:0, pri 0: IP6 fd42:4242:16::1 > fd42:4242:16::2: ICMP6, echo request, id 29509, seq 8, length 64
  116  19:30:45.934798 76:b0:94:e7:76:b7 > 33:33:00:00:00:02, From_CPU, untagged, dev.port:vlan 1.1:0, pri 0: IP6 fe80::74b0:94ff:fee7:76b7 > ff02::2: ICMP6, router solicitation, length 16
  117  19:30:46.376421 70:88:6b:80:65:ac > 33:33:ff:00:00:02, Forward, untagged, dev.port:vlan 1.3:0, pri 0: IP6 fd42:4242:16::1 > ff02::1:ff00:2: ICMP6, neighbor solicitation, who has fd42:4242:16::2, length 32
  118  19:30:46.376562 76:b0:94:e7:76:b7 > 70:88:6b:80:65:ac, From_CPU, untagged, dev.port:vlan 1.3:0, pri 0: IP6 fd42:4242:16::2 > fd42:4242:16::1: ICMP6, neighbor advertisement, tgt is fd42:4242:16::2, length 32
  119  19:30:46.378057 70:88:6b:80:65:ac > 76:b0:94:e7:76:b7, Forward, untagged, dev.port:vlan 1.3:0, pri 0: IP6 fd42:4242:16::1 > fd42:4242:16::2: ICMP6, echo request, id 29509, seq 9, length 64
  120  19:30:46.378154 76:b0:94:e7:76:b7 > 70:88:6b:80:65:ac, From_CPU, untagged, dev.port:vlan 1.3:0, pri 0: IP6 fd42:4242:16::2 > fd42:4242:16::1: ICMP6, echo reply, id 29509, seq 9, length 64
  121  19:30:46.393389 70:88:6b:80:64:af > a6:ea:d8:57:49:d5, Forward, untagged, dev.port:vlan 1.4:0, pri 0: IP6 fd42:4242:17::1 > fd42:4242:17::2: ICMP6, echo request, id 29510, seq 1, length 64
  122  19:30:47.400586 70:88:6b:80:64:af > a6:ea:d8:57:49:d5, Forward, untagged, dev.port:vlan 1.4:0, pri 0: IP6 fd42:4242:17::1 > fd42:4242:17::2: ICMP6, echo request, id 29510, seq 2, length 64
  123  19:30:47.854794 76:b0:94:e7:76:b7 > 33:33:00:00:00:02, From_CPU, untagged, dev.port:vlan 1.4:0, pri 0: IP6 fe80::74b0:94ff:fee7:76b7 > ff02::2: ICMP6, router solicitation, length 16
  124  19:30:48.424791 70:88:6b:80:64:af > a6:ea:d8:57:49:d5, Forward, untagged, dev.port:vlan 1.4:0, pri 0: IP6 fd42:4242:17::1 > fd42:4242:17::2: ICMP6, echo request, id 29510, seq 3, length 64
  125  19:30:49.134785 76:b0:94:e7:76:b7 > 33:33:00:00:00:02, From_CPU, untagged, dev.port:vlan 0.3:0, pri 0: IP6 fe80::74b0:94ff:fee7:76b7 > ff02::2: ICMP6, router solicitation, length 16
  126  19:30:49.448898 70:88:6b:80:64:af > a6:ea:d8:57:49:d5, Forward, untagged, dev.port:vlan 1.4:0, pri 0: IP6 fd42:4242:17::1 > fd42:4242:17::2: ICMP6, echo request, id 29510, seq 4, length 64
  127  19:30:49.774781 76:b0:94:e7:76:b7 > 33:33:00:00:00:02, From_CPU, untagged, dev.port:vlan 0.1:0, pri 0: IP6 fe80::74b0:94ff:fee7:76b7 > ff02::2: ICMP6, router solicitation, length 16
  128  19:30:50.414781 76:b0:94:e7:76:b7 > 33:33:00:00:00:02, From_CPU, untagged, dev.port:vlan 0.2:0, pri 0: IP6 fe80::74b0:94ff:fee7:76b7 > ff02::2: ICMP6, router solicitation, length 16
  129  19:30:50.473009 70:88:6b:80:64:af > a6:ea:d8:57:49:d5, Forward, untagged, dev.port:vlan 1.4:0, pri 0: IP6 fd42:4242:17::1 > fd42:4242:17::2: ICMP6, echo request, id 29510, seq 5, length 64
  130  19:30:51.454806 76:b0:94:e7:76:b7 > 70:88:6b:80:65:ac, From_CPU, untagged, dev.port:vlan 1.3:0, pri 0: IP6 fe80::74b0:94ff:fee7:76b7 > fd42:4242:16::1: ICMP6, neighbor solicitation, who has fd42:4242:16::1, length 32
  131  19:30:51.456503 70:88:6b:80:65:ac > 76:b0:94:e7:76:b7, Forward, untagged, dev.port:vlan 1.3:0, pri 0: IP6 fd42:4242:16::1 > fe80::74b0:94ff:fee7:76b7: ICMP6, neighbor advertisement, tgt is fd42:4242:16::1, length 24
  132  19:30:51.497300 70:88:6b:80:64:af > a6:ea:d8:57:49:d5, Forward, untagged, dev.port:vlan 1.4:0, pri 0: IP6 fd42:4242:17::1 > fd42:4242:17::2: ICMP6, echo request, id 29510, seq 6, length 64
  133  19:30:52.334782 76:b0:94:e7:76:b7 > 33:33:00:00:00:02, From_CPU, untagged, dev.port:vlan 1.2:0, pri 0: IP6 fe80::74b0:94ff:fee7:76b7 > ff02::2: ICMP6, router solicitation, length 16
  134  19:30:52.521231 70:88:6b:80:64:af > a6:ea:d8:57:49:d5, Forward, untagged, dev.port:vlan 1.4:0, pri 0: IP6 fd42:4242:17::1 > fd42:4242:17::2: ICMP6, echo request, id 29510, seq 7, length 64
  135  19:30:52.974787 76:b0:94:e7:76:b7 > 33:33:00:00:00:02, From_CPU, untagged, dev.port:vlan 0.4:0, pri 0: IP6 fe80::74b0:94ff:fee7:76b7 > ff02::2: ICMP6, router solicitation, length 16
  136  19:30:53.545340 70:88:6b:80:64:af > a6:ea:d8:57:49:d5, Forward, untagged, dev.port:vlan 1.4:0, pri 0: IP6 fd42:4242:17::1 > fd42:4242:17::2: ICMP6, echo request, id 29510, seq 8, length 64
  137  19:30:54.569421 70:88:6b:80:64:af > 33:33:ff:00:00:02, Forward, untagged, dev.port:vlan 1.4:0, pri 0: IP6 fd42:4242:17::1 > ff02::1:ff00:2: ICMP6, neighbor solicitation, who has fd42:4242:17::2, length 32
  138  19:30:54.569575 76:b0:94:e7:76:b7 > 70:88:6b:80:64:af, From_CPU, untagged, dev.port:vlan 1.4:0, pri 0: IP6 fd42:4242:17::2 > fd42:4242:17::1: ICMP6, neighbor advertisement, tgt is fd42:4242:17::2, length 32
  139  19:30:54.571124 70:88:6b:80:64:af > 76:b0:94:e7:76:b7, Forward, untagged, dev.port:vlan 1.4:0, pri 0: IP6 fd42:4242:17::1 > fd42:4242:17::2: ICMP6, echo request, id 29510, seq 9, length 64
  140  19:30:54.571223 76:b0:94:e7:76:b7 > 70:88:6b:80:64:af, From_CPU, untagged, dev.port:vlan 1.4:0, pri 0: IP6 fd42:4242:17::2 > fd42:4242:17::1: ICMP6, echo reply, id 29510, seq 9, length 64
  141  19:30:54.785005 76:b0:94:e7:76:b7 > 33:33:00:00:00:16, From_CPU, untagged, dev.port:vlan 0.1:0, pri 0: IP6 fe80::74b0:94ff:fee7:76b7 > ff02::16: HBH ICMP6, multicast listener report v2, 1 group record(s), length 28
  142  19:30:55.665129 76:b0:94:e7:76:b7 > 33:33:00:00:00:16, From_CPU, untagged, dev.port:vlan 0.1:0, pri 0: IP6 :: > ff02::16: HBH ICMP6, multicast listener report v2, 2 group record(s), length 48
  143  19:30:55.774938 76:b0:94:e7:76:b7 > 33:33:00:00:00:16, From_CPU, untagged, dev.port:vlan 0.1:0, pri 0: IP6 fe80::74b0:94ff:fee7:76b7 > ff02::16: HBH ICMP6, multicast listener report v2, 1 group record(s), length 28
  144  19:30:55.854973 76:b0:94:e7:76:b7 > 33:33:00:00:00:16, From_CPU, untagged, dev.port:vlan 0.1:0, pri 0: IP6 :: > ff02::16: HBH ICMP6, multicast listener report v2, 3 group record(s), length 68
  145  19:30:55.855159 76:b0:94:e7:76:b7 > 33:33:ff:00:00:02, From_CPU, untagged, dev.port:vlan 0.1:0, pri 0: IP6 :: > ff02::1:ff00:2: ICMP6, neighbor solicitation, who has fd42:4242:10::2, length 32
  146  19:30:56.254866 76:b0:94:e7:76:b7 > 01:00:5e:00:00:16, From_CPU, untagged, dev.port:vlan 0.1:0, pri 0: IP 192.168.10.2 > 224.0.0.22: igmp v3 report, 1 group record(s)
  147  19:30:56.257736 76:b0:94:e7:76:b7 > 33:33:ff:02:00:6e, From_CPU, untagged, dev.port:vlan 0.1:0, pri 0: IP6 :: > ff02::1:ff02:6e: ICMP6, neighbor solicitation, who has fe80::7430:8bff:fe02:6e, length 32
  148  19:30:56.654844 76:b0:94:e7:76:b7 > 33:33:00:00:00:16, From_CPU, untagged, dev.port:vlan 0.1:0, pri 0: IP6 :: > ff02::16: HBH ICMP6, multicast listener report v2, 3 group record(s), length 68
  149  19:30:57.294918 76:b0:94:e7:76:b7 > 33:33:00:00:00:16, From_CPU, untagged, dev.port:vlan 0.1:0, pri 0: IP6 fe80::7430:8bff:fe02:6e > ff02::16: HBH ICMP6, multicast listener report v2, 3 group record(s), length 68
  150  19:30:57.295049 76:b0:94:e7:76:b7 > 33:33:00:00:00:02, From_CPU, untagged, dev.port:vlan 0.1:0, pri 0: IP6 fe80::7430:8bff:fe02:6e > ff02::2: ICMP6, router solicitation, length 16
  151  19:30:58.174821 76:b0:94:e7:76:b7 > 33:33:00:00:00:16, From_CPU, untagged, dev.port:vlan 0.1:0, pri 0: IP6 fe80::7430:8bff:fe02:6e > ff02::16: HBH ICMP6, multicast listener report v2, 3 group record(s), length 68
  152  19:30:59.614822 76:b0:94:e7:76:b7 > 70:88:6b:80:64:af, From_CPU, untagged, dev.port:vlan 1.4:0, pri 0: IP6 fe80::74b0:94ff:fee7:76b7 > fd42:4242:17::1: ICMP6, neighbor solicitation, who has fd42:4242:17::1, length 32
  153  19:30:59.616600 70:88:6b:80:64:af > 76:b0:94:e7:76:b7, Forward, untagged, dev.port:vlan 1.4:0, pri 0: IP6 fd42:4242:17::1 > fe80::74b0:94ff:fee7:76b7: ICMP6, neighbor advertisement, tgt is fd42:4242:17::1, length 24
  154  19:31:00.850713 70:88:6b:80:66:50 > 76:b0:94:e7:76:b7, Forward, untagged, dev.port:vlan 0.1:0, pri 0: IP 192.168.10.1 > 192.168.10.2: ICMP echo request, id 29511, seq 1, length 64
  155  19:31:00.850994 76:b0:94:e7:76:b7 > ff:ff:ff:ff:ff:ff, From_CPU, untagged, dev.port:vlan 0.1:0, pri 0: ARP, Request who-has 192.168.10.1 tell 192.168.10.2, length 28
  156  19:31:00.852371 70:88:6b:80:66:50 > 76:b0:94:e7:76:b7, Forward, untagged, dev.port:vlan 0.1:0, pri 0: ARP, Reply 192.168.10.1 is-at 70:88:6b:80:66:50, length 46
  157  19:31:00.852456 76:b0:94:e7:76:b7 > 70:88:6b:80:66:50, From_CPU, untagged, dev.port:vlan 0.1:0, pri 0: IP 192.168.10.2 > 192.168.10.1: ICMP echo reply, id 29511, seq 1, length 64
  158  19:31:00.867591 70:88:6b:80:65:da > 76:b0:94:e7:76:b7, Forward, untagged, dev.port:vlan 0.2:0, pri 0: IP 192.168.11.1 > 192.168.11.2: ICMP echo request, id 29512, seq 1, length 64
  159  19:31:00.867701 76:b0:94:e7:76:b7 > 70:88:6b:80:65:da, From_CPU, untagged, dev.port:vlan 0.2:0, pri 0: IP 192.168.11.2 > 192.168.11.1: ICMP echo reply, id 29512, seq 1, length 64
  160  19:31:00.882091 70:88:6b:80:37:e7 > 76:b0:94:e7:76:b7, Forward, untagged, dev.port:vlan 0.3:0, pri 0: IP 192.168.12.1 > 192.168.12.2: ICMP echo request, id 29513, seq 1, length 64
  161  19:31:00.882183 76:b0:94:e7:76:b7 > 70:88:6b:80:37:e7, From_CPU, untagged, dev.port:vlan 0.3:0, pri 0: IP 192.168.12.2 > 192.168.12.1: ICMP echo reply, id 29513, seq 1, length 64
  162  19:31:00.896494 70:88:6b:80:64:80 > 76:b0:94:e7:76:b7, Forward, untagged, dev.port:vlan 0.4:0, pri 0: IP 192.168.13.1 > 192.168.13.2: ICMP echo request, id 29514, seq 1, length 64
  163  19:31:00.896592 76:b0:94:e7:76:b7 > 70:88:6b:80:64:80, From_CPU, untagged, dev.port:vlan 0.4:0, pri 0: IP 192.168.13.2 > 192.168.13.1: ICMP echo reply, id 29514, seq 1, length 64
  164  19:31:00.911000 70:88:6b:80:67:16 > 76:b0:94:e7:76:b7, Forward, untagged, dev.port:vlan 1.1:0, pri 0: IP 192.168.14.1 > 192.168.14.2: ICMP echo request, id 29515, seq 1, length 64
  165  19:31:00.911093 76:b0:94:e7:76:b7 > 70:88:6b:80:67:16, From_CPU, untagged, dev.port:vlan 1.1:0, pri 0: IP 192.168.14.2 > 192.168.14.1: ICMP echo reply, id 29515, seq 1, length 64
  166  19:31:00.925501 70:88:6b:80:38:dc > 76:b0:94:e7:76:b7, Forward, untagged, dev.port:vlan 1.2:0, pri 0: IP 192.168.15.1 > 192.168.15.2: ICMP echo request, id 29516, seq 1, length 64
  167  19:31:00.925594 76:b0:94:e7:76:b7 > 70:88:6b:80:38:dc, From_CPU, untagged, dev.port:vlan 1.2:0, pri 0: IP 192.168.15.2 > 192.168.15.1: ICMP echo reply, id 29516, seq 1, length 64
  168  19:31:00.940003 70:88:6b:80:65:ac > 76:b0:94:e7:76:b7, Forward, untagged, dev.port:vlan 1.3:0, pri 0: IP 192.168.16.1 > 192.168.16.2: ICMP echo request, id 29517, seq 1, length 64
  169  19:31:00.940092 76:b0:94:e7:76:b7 > 70:88:6b:80:65:ac, From_CPU, untagged, dev.port:vlan 1.3:0, pri 0: IP 192.168.16.2 > 192.168.16.1: ICMP echo reply, id 29517, seq 1, length 64
  170  19:31:00.954627 70:88:6b:80:64:af > 76:b0:94:e7:76:b7, Forward, untagged, dev.port:vlan 1.4:0, pri 0: IP 192.168.17.1 > 192.168.17.2: ICMP echo request, id 29518, seq 1, length 64
  171  19:31:00.954719 76:b0:94:e7:76:b7 > 70:88:6b:80:64:af, From_CPU, untagged, dev.port:vlan 1.4:0, pri 0: IP 192.168.17.2 > 192.168.17.1: ICMP echo reply, id 29518, seq 1, length 64
  172  19:31:00.969366 70:88:6b:80:66:50 > 76:b0:94:e7:76:b7, Forward, untagged, dev.port:vlan 0.1:0, pri 0: IP6 fd42:4242:10::1 > fd42:4242:10::2: ICMP6, echo request, id 29519, seq 1, length 64
  173  19:31:00.969604 76:b0:94:e7:76:b7 > 33:33:ff:00:00:01, From_CPU, untagged, dev.port:vlan 0.1:0, pri 0: IP6 fd42:4242:10::2 > ff02::1:ff00:1: ICMP6, neighbor solicitation, who has fd42:4242:10::1, length 32
  174  19:31:00.971218 70:88:6b:80:66:50 > 76:b0:94:e7:76:b7, Forward, untagged, dev.port:vlan 0.1:0, pri 0: IP6 fd42:4242:10::1 > fd42:4242:10::2: ICMP6, neighbor advertisement, tgt is fd42:4242:10::1, length 32
  175  19:31:00.971309 76:b0:94:e7:76:b7 > 70:88:6b:80:66:50, From_CPU, untagged, dev.port:vlan 0.1:0, pri 0: IP6 fd42:4242:10::2 > fd42:4242:10::1: ICMP6, echo reply, id 29519, seq 1, length 64
  176  19:31:00.985708 70:88:6b:80:65:da > 76:b0:94:e7:76:b7, Forward, untagged, dev.port:vlan 0.2:0, pri 0: IP6 fd42:4242:11::1 > fd42:4242:11::2: ICMP6, echo request, id 29520, seq 1, length 64
  177  19:31:00.985805 76:b0:94:e7:76:b7 > 70:88:6b:80:65:da, From_CPU, untagged, dev.port:vlan 0.2:0, pri 0: IP6 fd42:4242:11::2 > fd42:4242:11::1: ICMP6, echo reply, id 29520, seq 1, length 64
  178  19:31:01.000491 70:88:6b:80:37:e7 > 76:b0:94:e7:76:b7, Forward, untagged, dev.port:vlan 0.3:0, pri 0: IP6 fd42:4242:12::1 > fd42:4242:12::2: ICMP6, echo request, id 29521, seq 1, length 64
  179  19:31:01.000577 76:b0:94:e7:76:b7 > 70:88:6b:80:37:e7, From_CPU, untagged, dev.port:vlan 0.3:0, pri 0: IP6 fd42:4242:12::2 > fd42:4242:12::1: ICMP6, echo reply, id 29521, seq 1, length 64
  180  19:31:01.015027 70:88:6b:80:64:80 > 76:b0:94:e7:76:b7, Forward, untagged, dev.port:vlan 0.4:0, pri 0: IP6 fd42:4242:13::1 > fd42:4242:13::2: ICMP6, echo request, id 29522, seq 1, length 64
  181  19:31:01.015111 76:b0:94:e7:76:b7 > 70:88:6b:80:64:80, From_CPU, untagged, dev.port:vlan 0.4:0, pri 0: IP6 fd42:4242:13::2 > fd42:4242:13::1: ICMP6, echo reply, id 29522, seq 1, length 64
  182  19:31:01.029877 70:88:6b:80:67:16 > 76:b0:94:e7:76:b7, Forward, untagged, dev.port:vlan 1.1:0, pri 0: IP6 fd42:4242:14::1 > fd42:4242:14::2: ICMP6, echo request, id 29523, seq 1, length 64
  183  19:31:01.029962 76:b0:94:e7:76:b7 > 70:88:6b:80:67:16, From_CPU, untagged, dev.port:vlan 1.1:0, pri 0: IP6 fd42:4242:14::2 > fd42:4242:14::1: ICMP6, echo reply, id 29523, seq 1, length 64
  184  19:31:01.044687 70:88:6b:80:38:dc > 76:b0:94:e7:76:b7, Forward, untagged, dev.port:vlan 1.2:0, pri 0: IP6 fd42:4242:15::1 > fd42:4242:15::2: ICMP6, echo request, id 29524, seq 1, length 64
  185  19:31:01.044789 76:b0:94:e7:76:b7 > 70:88:6b:80:38:dc, From_CPU, untagged, dev.port:vlan 1.2:0, pri 0: IP6 fd42:4242:15::2 > fd42:4242:15::1: ICMP6, echo reply, id 29524, seq 1, length 64
  186  19:31:01.054802 76:b0:94:e7:76:b7 > 33:33:00:00:00:02, From_CPU, untagged, dev.port:vlan 0.1:0, pri 0: IP6 fe80::7430:8bff:fe02:6e > ff02::2: ICMP6, router solicitation, length 16
  187  19:31:01.059461 70:88:6b:80:65:ac > 76:b0:94:e7:76:b7, Forward, untagged, dev.port:vlan 1.3:0, pri 0: IP6 fd42:4242:16::1 > fd42:4242:16::2: ICMP6, echo request, id 29525, seq 1, length 64
  188  19:31:01.059546 76:b0:94:e7:76:b7 > 70:88:6b:80:65:ac, From_CPU, untagged, dev.port:vlan 1.3:0, pri 0: IP6 fd42:4242:16::2 > fd42:4242:16::1: ICMP6, echo reply, id 29525, seq 1, length 64
  189  19:31:01.074134 70:88:6b:80:64:af > 76:b0:94:e7:76:b7, Forward, untagged, dev.port:vlan 1.4:0, pri 0: IP6 fd42:4242:17::1 > fd42:4242:17::2: ICMP6, echo request, id 29526, seq 1, length 64
  190  19:31:01.074217 76:b0:94:e7:76:b7 > 70:88:6b:80:64:af, From_CPU, untagged, dev.port:vlan 1.4:0, pri 0: IP6 fd42:4242:17::2 > fd42:4242:17::1: ICMP6, echo reply, id 29526, seq 1, length 64
  191  19:31:01.304955 76:b0:94:e7:76:b7 > 33:33:00:00:00:16, From_CPU, untagged, dev.port:vlan 0.3:0, pri 0: IP6 fe80::74b0:94ff:fee7:76b7 > ff02::16: HBH ICMP6, multicast listener report v2, 1 group record(s), length 28
  192  19:31:01.814932 76:b0:94:e7:76:b7 > 33:33:00:00:00:16, From_CPU, untagged, dev.port:vlan 0.3:0, pri 0: IP6 fe80::74b0:94ff:fee7:76b7 > ff02::16: HBH ICMP6, multicast listener report v2, 1 group record(s), length 28
  193  19:31:02.134931 76:b0:94:e7:76:b7 > 33:33:00:00:00:16, From_CPU, untagged, dev.port:vlan 0.3:0, pri 0: IP6 :: > ff02::16: HBH ICMP6, multicast listener report v2, 2 group record(s), length 48
  194  19:31:02.255020 76:b0:94:e7:76:b7 > 33:33:00:00:00:16, From_CPU, untagged, dev.port:vlan 0.3:0, pri 0: IP6 :: > ff02::16: HBH ICMP6, multicast listener report v2, 2 group record(s), length 48
  195  19:31:02.325019 76:b0:94:e7:76:b7 > 33:33:00:00:00:16, From_CPU, untagged, dev.port:vlan 0.3:0, pri 0: IP6 :: > ff02::16: HBH ICMP6, multicast listener report v2, 3 group record(s), length 68
  196  19:31:02.654868 76:b0:94:e7:76:b7 > 33:33:ff:7b:78:47, From_CPU, untagged, dev.port:vlan 0.3:0, pri 0: IP6 :: > ff02::1:ff7b:7847: ICMP6, neighbor solicitation, who has fe80::3c24:eaff:fe7b:7847, length 32
  197  19:31:02.734865 76:b0:94:e7:76:b7 > 01:00:5e:00:00:16, From_CPU, untagged, dev.port:vlan 0.3:0, pri 0: IP 192.168.12.2 > 224.0.0.22: igmp v3 report, 1 group record(s)
  198  19:31:02.864841 76:b0:94:e7:76:b7 > 33:33:00:00:00:16, From_CPU, untagged, dev.port:vlan 0.3:0, pri 0: IP6 :: > ff02::16: HBH ICMP6, multicast listener report v2, 3 group record(s), length 68
  199  19:31:03.054837 76:b0:94:e7:76:b7 > 33:33:ff:00:00:02, From_CPU, untagged, dev.port:vlan 0.3:0, pri 0: IP6 :: > ff02::1:ff00:2: ICMP6, neighbor solicitation, who has fd42:4242:12::2, length 32
  200  19:31:03.694907 76:b0:94:e7:76:b7 > 33:33:00:00:00:16, From_CPU, untagged, dev.port:vlan 0.3:0, pri 0: IP6 fe80::3c24:eaff:fe7b:7847 > ff02::16: HBH ICMP6, multicast listener report v2, 3 group record(s), length 68
  201  19:31:03.695013 76:b0:94:e7:76:b7 > 33:33:00:00:00:02, From_CPU, untagged, dev.port:vlan 0.3:0, pri 0: IP6 fe80::3c24:eaff:fe7b:7847 > ff02::2: ICMP6, router solicitation, length 16
  202  19:31:03.734807 76:b0:94:e7:76:b7 > 33:33:00:00:00:16, From_CPU, untagged, dev.port:vlan 0.3:0, pri 0: IP6 fe80::3c24:eaff:fe7b:7847 > ff02::16: HBH ICMP6, multicast listener report v2, 3 group record(s), length 68
