IP 192.168.10.1.319 > 224.0.1.129.319: PTP 2, Sync, [2S], 17342604601458911644:1
IP 192.168.10.1.320 > 224.0.1.129.320: PTP 2, Follow Up, [none], 17342604601458911644:1
IP 192.168.10.1.320 > 224.0.1.129.320: PTP 2, Announce, [TS], 17342604601458911644:1
IP 192.168.10.1.319 > 224.0.1.129.319: PTP 3, Sync, [2S], 17342604601458911644:1
IP 192.168.10.1.320 > 224.0.1.129.320: PTP 3, Follow Up, [none], 17342604601458911644:1
IP 192.168.10.2.319 > 224.0.1.129.319: PTP 0, Delay Req, [none], 17076148953583774136:1
IP 192.168.10.1.320 > 224.0.1.129.320: PTP 0, Delay Resp, [none], 17342604601458911644:1
IP 192.168.10.1.319 > 224.0.1.129.319: PTP 4, Sync, [2S], 17342604601458911644:1
IP 192.168.10.1.320 > 224.0.1.129.320: PTP 4, Follow Up, [none], 17342604601458911644:1
IP 192.168.10.1.320 > 224.0.1.129.320: PTP 3, Announce, [TS], 17342604601458911644:1
